DEFINED_startup                 = $0001 ; const, local, , zx82_crt0, , /tmp/tmpzccXXrQnW5D/zcc_opt.def:3
startup                         = $001F ; const, local, , zx82_crt0, , /tmp/tmpzccXXrQnW5D/zcc_opt.def:4
CRT_ORG_CODE                    = $8000 ; const, local, , zx82_crt0, , /home/jorgegv/src/spectrum/z88dk/lib/config//../..//lib/target/zx/classic/spec_crt0.asm:53
CLIB_ZX_CONIO32                 = $0000 ; const, local, , zx82_crt0, , /home/jorgegv/src/spectrum/z88dk/lib/config//../..//lib/target/zx/classic/spec_crt0.asm:75
CLIB_FGETC_CONS_DELAY           = $0064 ; const, local, , zx82_crt0, , /home/jorgegv/src/spectrum/z88dk/lib/config//../..//lib/target/zx/classic/spec_crt0.asm:84
TAR__fputc_cons_generic         = $0001 ; const, local, , zx82_crt0, , /home/jorgegv/src/spectrum/z88dk/lib/config//../..//lib/target/zx/classic/spec_crt0.asm:88
DEF__register_sp                = $FFFFFFFFFFFFFFFF ; const, local, , zx82_crt0, , /home/jorgegv/src/spectrum/z88dk/lib/config//../..//lib/target/zx/classic/spec_crt0.asm:90
TAR__clib_exit_stack_size       = $0020 ; const, local, , zx82_crt0, , /home/jorgegv/src/spectrum/z88dk/lib/config//../..//lib/target/zx/classic/spec_crt0.asm:91
CRT_KEY_DEL                     = $000C ; const, local, , zx82_crt0, , /home/jorgegv/src/spectrum/z88dk/lib/config//../..//lib/target/zx/classic/spec_crt0.asm:92
CRT_INITIALIZE_BSS              = $0001 ; const, local, , zx82_crt0, , /home/jorgegv/src/spectrum/z88dk/lib/config/../../lib/crt/classic/crt_rules.inc:6
__register_sp                   = $FFFFFFFFFFFFFFFF ; const, local, , zx82_crt0, , /home/jorgegv/src/spectrum/z88dk/lib/config/../../lib/crt/classic/crt_rules.inc:18
TAR__crt_enable_rst             = $0000 ; const, local, , zx82_crt0, , /home/jorgegv/src/spectrum/z88dk/lib/config/../../lib/crt/classic/crt_rules.inc:24
TAR__crt_enable_nmi             = $0000 ; const, local, , zx82_crt0, , /home/jorgegv/src/spectrum/z88dk/lib/config/../../lib/crt/classic/crt_rules.inc:37
CRT_ENABLE_STDIO                = $0001 ; const, local, , zx82_crt0, , /home/jorgegv/src/spectrum/z88dk/lib/config/../../lib/crt/classic/crt_rules.inc:44
CLIB_FOPEN_MAX                  = $000A ; const, local, , zx82_crt0, , /home/jorgegv/src/spectrum/z88dk/lib/config/../../lib/crt/classic/crt_rules.inc:151
CLIB_OPEN_MAX                   = $000A ; const, local, , zx82_crt0, , /home/jorgegv/src/spectrum/z88dk/lib/config/../../lib/crt/classic/crt_rules.inc:162
CLIB_RND_BLOCKSIZE              = $03E8 ; const, local, , zx82_crt0, , /home/jorgegv/src/spectrum/z88dk/lib/config/../../lib/crt/classic/crt_rules.inc:193
CLIB_FONT_HEIGHT                = $0008 ; const, local, , zx82_crt0, , /home/jorgegv/src/spectrum/z88dk/lib/config/../../lib/crt/classic/crt_rules.inc:200
CLIB_FIRMWARE_KEYBOARD_CLICK    = $FFFFFFFFFFFFFFFF ; const, local, , zx82_crt0, , /home/jorgegv/src/spectrum/z88dk/lib/config/../../lib/crt/classic/crt_rules.inc:207
__MMAP                          = $0000 ; const, local, , zx82_crt0, , /home/jorgegv/src/spectrum/z88dk/lib/config/../../lib/crt/classic/crt_rules.inc:216
start                           = $8000 ; addr, local, , zx82_crt0, , /home/jorgegv/src/spectrum/z88dk/lib/config//../..//lib/target/zx/classic/spec_crt0.asm:99
loadbanks                       = $8032 ; addr, local, , zx82_crt0, , /home/jorgegv/src/spectrum/z88dk/lib/config//../..//lib/target/zx/classic/spec_crt0.asm:365
__restore_sp_onexit             = $8023 ; addr, local, , zx82_crt0, , /home/jorgegv/src/spectrum/z88dk/lib/config//../..//lib/target/zx/classic/spec_crt0.asm:237
crt0_init_bss                   = $80DD ; addr, local, , zx82_crt0, code_crt_init, /home/jorgegv/src/spectrum/z88dk/lib/config/../../lib/crt/classic/crt_section.asm:25
crt0_exit                       = $811D ; addr, local, , zx82_crt0, code_crt_exit, /home/jorgegv/src/spectrum/z88dk/lib/config/../../lib/crt/classic/crt_section.asm:100
cleanup_exit                    = $801E ; addr, local, , zx82_crt0, , /home/jorgegv/src/spectrum/z88dk/lib/config//../..//lib/target/zx/classic/spec_crt0.asm:233
CLIB_OPT_PRINTF                 = $FFFFFFFF801BF7BF ; const, local, , zx82_crt0, , /home/jorgegv/src/spectrum/z88dk/lib/config/../../lib/crt/classic/crt_runtime_selection.asm:170
DEFINED_fputc_cons              = $0001 ; const, local, , zx82_crt0, , /home/jorgegv/src/spectrum/z88dk/lib/config/../../lib/crt/classic/crt_runtime_selection.asm:516
CRT_ORG_BANK_0                  = $C000 ; const, local, , zx82_crt0, bss_crt, /home/jorgegv/src/spectrum/z88dk/lib/config//../..//lib/target/zx/classic/spec_crt0.asm:406
load_block                      = $80A6 ; addr, local, , zx82_crt0, , /home/jorgegv/src/spectrum/z88dk/lib/config/../../lib/target/zx/classic/zx_tapeloader.asm:67
CRT_ORG_BANK_1                  = $C000 ; const, local, , zx82_crt0, bss_crt, /home/jorgegv/src/spectrum/z88dk/lib/config//../..//lib/target/zx/classic/spec_crt0.asm:410
CRT_ORG_BANK_2                  = $C000 ; const, local, , zx82_crt0, bss_crt, /home/jorgegv/src/spectrum/z88dk/lib/config//../..//lib/target/zx/classic/spec_crt0.asm:414
CRT_ORG_BANK_3                  = $C000 ; const, local, , zx82_crt0, bss_crt, /home/jorgegv/src/spectrum/z88dk/lib/config//../..//lib/target/zx/classic/spec_crt0.asm:418
CRT_ORG_BANK_4                  = $C000 ; const, local, , zx82_crt0, bss_crt, /home/jorgegv/src/spectrum/z88dk/lib/config//../..//lib/target/zx/classic/spec_crt0.asm:422
CRT_ORG_BANK_5                  = $C000 ; const, local, , zx82_crt0, bss_crt, /home/jorgegv/src/spectrum/z88dk/lib/config//../..//lib/target/zx/classic/spec_crt0.asm:426
CRT_ORG_BANK_6                  = $C000 ; const, local, , zx82_crt0, bss_crt, /home/jorgegv/src/spectrum/z88dk/lib/config//../..//lib/target/zx/classic/spec_crt0.asm:430
CRT_ORG_BANK_7                  = $C000 ; const, local, , zx82_crt0, bss_crt, /home/jorgegv/src/spectrum/z88dk/lib/config//../..//lib/target/zx/classic/spec_crt0.asm:434
load_block1                     = $80C6 ; addr, local, , zx82_crt0, , /home/jorgegv/src/spectrum/z88dk/lib/config/../../lib/target/zx/classic/zx_tapeloader.asm:85
i_2                             = $8291 ; addr, local, , main_c, code_compiler, main.c::main::1::2:11
i_3                             = $8294 ; addr, local, , main_c, code_compiler, main.c::main::1::2:11
i_4                             = $82A4 ; addr, local, , offscreen_c, code_compiler, offscreen.c::init_real_screen_address_table::1::1:23
i_2                             = $829F ; addr, local, , offscreen_c, code_compiler, offscreen.c::init_real_screen_address_table::1::1:23
i_3                             = $82D1 ; addr, local, , offscreen_c, code_compiler, offscreen.c::init_real_screen_address_table::3::2:25
i_7                             = $82EC ; addr, local, , offscreen_c, code_compiler, offscreen.c::offscreen_show_frame::1::4:36
i_5                             = $82E7 ; addr, local, , offscreen_c, code_compiler, offscreen.c::offscreen_show_frame::1::4:36
i_6                             = $8323 ; addr, local, , offscreen_c, code_compiler, offscreen.c::offscreen_show_frame::3::5:39
SUPPORT_vt52                    = $0001 ; const, local, , fputc_cons_generic_full, , fputc_cons_generic_full.asm:6
SUPPORT_vt52x                   = $0001 ; const, local, , fputc_cons_generic_full, , fputc_cons_generic_full.asm:8
SUPPORT_zxcodes                 = $0001 ; const, local, , fputc_cons_generic_full, , fputc_cons_generic_full.asm:9
params_left                     = $9DD9 ; addr, local, , fputc_cons_generic_full, bss_clib, fputc_cons_generic.inc:567
handle_parameter                = $837D ; addr, local, , fputc_cons_generic_full, code_clib, fputc_cons_generic.inc:156
check_parameters                = $838C ; addr, local, , fputc_cons_generic_full, code_clib, fputc_cons_generic.inc:177
handle_character                = $8341 ; addr, local, , fputc_cons_generic_full, code_clib, fputc_cons_generic.inc:91
handle_character_no_scroll      = $8361 ; addr, local, , fputc_cons_generic_full, code_clib, fputc_cons_generic.inc:128
scroll_loop                     = $834F ; addr, local, , fputc_cons_generic_full, code_clib, fputc_cons_generic.inc:106
store_coords                    = $83DC ; addr, local, , fputc_cons_generic_full, code_clib, fputc_cons_generic.inc:275
set_escape                      = $8373 ; addr, local, , fputc_cons_generic_full, code_clib, fputc_cons_generic.inc:145
print_raw                       = $8379 ; addr, local, , fputc_cons_generic_full, code_clib, fputc_cons_generic.inc:151
parameter_dispatch              = $8383 ; addr, local, , fputc_cons_generic_full, code_clib, fputc_cons_generic.inc:162
parameter_processor             = $9DDB ; addr, local, , fputc_cons_generic_full, bss_clib, fputc_cons_generic.inc:569
do_dispatch                     = $8387 ; addr, local, , fputc_cons_generic_full, code_clib, fputc_cons_generic.inc:172
parameter_table                 = $84D3 ; addr, local, , fputc_cons_generic_full, rodata_clib, fputc_cons_generic.inc:472
parameter_loop                  = $838F ; addr, local, , fputc_cons_generic_full, code_clib, fputc_cons_generic.inc:179
not_ansi                        = $8396 ; addr, local, , fputc_cons_generic_full, code_clib, fputc_cons_generic.inc:197
try_again                       = $83B4 ; addr, local, , fputc_cons_generic_full, code_clib, fputc_cons_generic.inc:229
set_xypos                       = $83B9 ; addr, local, , fputc_cons_generic_full, code_clib, fputc_cons_generic.inc:241
parameters                      = $9DDA ; addr, local, , fputc_cons_generic_full, bss_clib, fputc_cons_generic.inc:568
left                            = $83D0 ; addr, local, , fputc_cons_generic_full, code_clib, fputc_cons_generic.inc:267
left_1                          = $83DB ; addr, local, , fputc_cons_generic_full, code_clib, fputc_cons_generic.inc:274
up                              = $83E2 ; addr, local, , fputc_cons_generic_full, code_clib, fputc_cons_generic.inc:288
down                            = $83E9 ; addr, local, , fputc_cons_generic_full, code_clib, fputc_cons_generic.inc:294
right                           = $83F2 ; addr, local, , fputc_cons_generic_full, code_clib, fputc_cons_generic.inc:301
set_vscroll                     = $83FB ; addr, local, , fputc_cons_generic_full, code_clib, fputc_cons_generic.inc:308
set_ink                         = $8403 ; addr, local, , fputc_cons_generic_full, code_clib, fputc_cons_generic.inc:331
set_paper                       = $8408 ; addr, local, , fputc_cons_generic_full, code_clib, fputc_cons_generic.inc:336
cls                             = $840D ; addr, local, , fputc_cons_generic_full, code_clib, fputc_cons_generic.inc:342
move_home                       = $8410 ; addr, local, , fputc_cons_generic_full, code_clib, fputc_cons_generic.inc:343
set_inverse_ansi                = $8415 ; addr, local, , fputc_cons_generic_full, code_clib, fputc_cons_generic.inc:348
set_inverse                     = $8416 ; addr, local, , fputc_cons_generic_full, code_clib, fputc_cons_generic.inc:351
set_inverse_call_generic        = $841B ; addr, local, , fputc_cons_generic_full, code_clib, fputc_cons_generic.inc:368
clear_eol                       = $8420 ; addr, local, , fputc_cons_generic_full, code_clib, fputc_cons_generic.inc:376
clear_eol_loop                  = $8421 ; addr, local, , fputc_cons_generic_full, code_clib, fputc_cons_generic.inc:378
clear_eos                       = $842F ; addr, local, , fputc_cons_generic_full, code_clib, fputc_cons_generic.inc:390
clear_eos_loop                  = $8436 ; addr, local, , fputc_cons_generic_full, code_clib, fputc_cons_generic.inc:394
handle_lf                       = $8440 ; addr, local, , fputc_cons_generic_full, code_clib, fputc_cons_generic.inc:405
scrollit                        = $8449 ; addr, local, , fputc_cons_generic_full, code_clib, fputc_cons_generic.inc:412
handle_lf_no_need_to_scroll     = $8454 ; addr, local, , fputc_cons_generic_full, code_clib, fputc_cons_generic.inc:426
handle_cr                       = $8455 ; addr, local, , fputc_cons_generic_full, code_clib, fputc_cons_generic.inc:428
set_underlined_ansi             = $845A ; addr, local, , fputc_cons_generic_full, code_clib, fputc_cons_generic.inc:435
call_set_attribute              = $8463 ; addr, local, , fputc_cons_generic_full, code_clib, fputc_cons_generic.inc:444
set_bold_ansi                   = $8468 ; addr, local, , fputc_cons_generic_full, code_clib, fputc_cons_generic.inc:449
handle_controls                 = $813F ; addr, local, , generic_console_printc, code_driver, generic_console_printc.asm:31
start_code                      = $8156 ; addr, local, , generic_console_printc, code_driver, generic_console_printc.asm:45
set_flash                       = $815A ; addr, local, , generic_console_printc, code_driver, generic_console_printc.asm:51
set_bright                      = $8166 ; addr, local, , generic_console_printc, code_driver, generic_console_printc.asm:60
set_switch                      = $8172 ; addr, local, , generic_console_printc, code_driver, generic_console_printc.asm:69
set_switch1                     = $8184 ; addr, local, , generic_console_printc, code_driver, generic_console_printc.asm:77
set_width                       = $8185 ; addr, local, , generic_console_printc, code_driver, generic_console_printc.asm:97
set_font_hi                     = $818C ; addr, local, , generic_console_printc, code_driver, generic_console_printc.asm:105
set_font_lo                     = $8192 ; addr, local, , generic_console_printc, code_driver, generic_console_printc.asm:109
skip_control_codes              = $81B8 ; addr, local, , generic_console_printc, code_driver, generic_console_printc.asm:135
expect_flags                    = $9DD8 ; addr, local, , generic_console_printc, bss_driver, generic_console_printc.asm:150
no_set_32col                    = $8116 ; addr, local, , generic_console_printc, code_crt_init, generic_console_printc.asm:176
handle_characters               = $81CF ; addr, local, , __zx_printc32, code_driver, __zx_printc32.asm:34
print32_loop                    = $81DE ; addr, local, , __zx_printc32, code_driver, __zx_printc32.asm:46
no_32_bold                      = $81E8 ; addr, local, , __zx_printc32, code_driver, __zx_printc32.asm:53
not_even_column                 = $820B ; addr, local, , __zx_printc64, code_driver, __zx_printc64.asm:31
print64_loop                    = $821B ; addr, local, , __zx_printc64, code_driver, __zx_printc64.asm:49
print64_noinverse               = $8227 ; addr, local, , __zx_printc64, code_driver, __zx_printc64.asm:59
SCREEN_BASE                     = $4000 ; const, local, , generic_console_cls, code_driver, generic_console_cls.asm:19
clear_attributes                = $825D ; addr, local, , generic_console_cls, code_driver, generic_console_cls.asm:66
done                            = $8266 ; addr, local, , generic_console_cls, code_driver, generic_console_cls.asm:71
table                           = $8551 ; addr, local, , code_clib, rodata_clib, conio_map_colour.asm:26
ts2068_rom                      = $827A ; addr, local, , __zx_scrollup, code_driver, __zx_scrollup.asm:154
clrloop                         = $84A1 ; addr, local, , zx_colour, code_clib, zx_colour.asm:26
__CLASSIC                       = $0001 ; const, local, , zx_py2saddr, , /home/jorgegv/src/spectrum/z88dk-original/libsrc/_DEVELOPMENT/arch/zx/display/c/sccz80/zx_py2saddr.asm:0
cleanup                         = $801A ; addr, public, , zx82_crt0, , /home/jorgegv/src/spectrum/z88dk/lib/config//../..//lib/target/zx/classic/spec_crt0.asm:185
l_dcal                          = $8027 ; addr, public, , zx82_crt0, , /home/jorgegv/src/spectrum/z88dk/lib/config//../..//lib/target/zx/classic/spec_crt0.asm:244
call_rom3                       = $8028 ; addr, public, , zx82_crt0, , /home/jorgegv/src/spectrum/z88dk/lib/config//../..//lib/target/zx/classic/spec_crt0.asm:329
__SYSVAR_BORDCR                 = $5C48 ; const, public, , zx82_crt0, , /home/jorgegv/src/spectrum/z88dk/lib/config//../..//lib/target/zx/classic/spec_crt0.asm:28
_FRAMES                         = $5C78 ; const, public, , zx82_crt0, , /home/jorgegv/src/spectrum/z88dk/lib/config//../..//lib/target/zx/classic/spec_crt0.asm:42
__CLIB_ZX_CONIO32               = $0000 ; const, public, , zx82_crt0, , /home/jorgegv/src/spectrum/z88dk/lib/config//../..//lib/target/zx/classic/spec_crt0.asm:81
CLIB_BANKING_STACK_SIZE         = $0064 ; const, public, , zx82_crt0, , /home/jorgegv/src/spectrum/z88dk/lib/config/../../lib/crt/classic/crt_rules.inc:64
__CRT_KEY_DEL                   = $000C ; const, public, , zx82_crt0, , /home/jorgegv/src/spectrum/z88dk/lib/config/../../lib/crt/classic/crt_rules.inc:71
__CRT_KEY_CAPS_LOCK             = $0006 ; const, public, , zx82_crt0, , /home/jorgegv/src/spectrum/z88dk/lib/config/../../lib/crt/classic/crt_rules.inc:80
__CPU_CLOCK                     = $3567E0 ; const, public, , zx82_crt0, , /home/jorgegv/src/spectrum/z88dk/lib/config//../..//lib/target/zx/classic/spec_crt0.asm:93
__CLIB_CONIO_NATIVE_COLOUR      = $0000 ; const, public, , zx82_crt0, , /home/jorgegv/src/spectrum/z88dk/lib/config/../../lib/crt/classic/crt_rules.inc:92
__CLIB_DISABLE_FGETS_CURSOR     = $0000 ; const, public, , zx82_crt0, , /home/jorgegv/src/spectrum/z88dk/lib/config/../../lib/crt/classic/crt_rules.inc:101
__CLIB_FGETC_CONS_DELAY         = $0064 ; const, public, , zx82_crt0, , /home/jorgegv/src/spectrum/z88dk/lib/config/../../lib/crt/classic/crt_rules.inc:108
__CLIB_KBHIT_DELAY              = $0000 ; const, public, , zx82_crt0, , /home/jorgegv/src/spectrum/z88dk/lib/config/../../lib/crt/classic/crt_rules.inc:119
CLIB_32BIT_FLOATS               = $0000 ; const, public, , zx82_crt0, , /home/jorgegv/src/spectrum/z88dk/lib/config/../../lib/crt/classic/crt_rules.inc:134
CLIB_64BIT_FLOATS               = $0000 ; const, public, , zx82_crt0, , /home/jorgegv/src/spectrum/z88dk/lib/config/../../lib/crt/classic/crt_rules.inc:138
CLIB_DEFAULT_SCREEN_MODE        = $0000 ; const, public, , zx82_crt0, , /home/jorgegv/src/spectrum/z88dk/lib/config/../../lib/crt/classic/crt_rules.inc:146
__FOPEN_MAX                     = $000A ; const, public, , zx82_crt0, , /home/jorgegv/src/spectrum/z88dk/lib/config/../../lib/crt/classic/crt_rules.inc:154
__CLIB_OPEN_MAX                 = $000A ; const, public, , zx82_crt0, , /home/jorgegv/src/spectrum/z88dk/lib/config/../../lib/crt/classic/crt_rules.inc:166
__RND_BLOCKSIZE                 = $03E8 ; const, public, , zx82_crt0, , /home/jorgegv/src/spectrum/z88dk/lib/config/../../lib/crt/classic/crt_rules.inc:196
__CLIB_FONT_HEIGHT              = $0008 ; const, public, , zx82_crt0, , /home/jorgegv/src/spectrum/z88dk/lib/config/../../lib/crt/classic/crt_rules.inc:203
__CLIB_FIRMWARE_KEYBOARD_CLICK  = $FFFFFFFFFFFFFFFF ; const, public, , zx82_crt0, , /home/jorgegv/src/spectrum/z88dk/lib/config/../../lib/crt/classic/crt_rules.inc:210
__clib_exit_stack_size          = $0020 ; const, public, , zx82_crt0, , /home/jorgegv/src/spectrum/z88dk/lib/config/../../lib/crt/classic/crt_rules.inc:51
fputc_cons                      = $8326 ; addr, public, , zx82_crt0, , /home/jorgegv/src/spectrum/z88dk/lib/config/../../lib/crt/classic/crt_runtime_selection.asm:522
_fputc_cons                     = $8326 ; addr, public, , zx82_crt0, , /home/jorgegv/src/spectrum/z88dk/lib/config/../../lib/crt/classic/crt_runtime_selection.asm:528
CONSOLE_COLUMNS                 = $0040 ; const, public, , zx82_crt0, , /home/jorgegv/src/spectrum/z88dk/lib/config//../..//lib/target/zx/classic/spec_crt0.asm:76
CONSOLE_ROWS                    = $0018 ; const, public, , zx82_crt0, , /home/jorgegv/src/spectrum/z88dk/lib/config//../..//lib/target/zx/classic/spec_crt0.asm:60
CONSOLE_XOFFSET                 = $0000 ; const, public, , zx82_crt0, , /home/jorgegv/src/spectrum/z88dk/lib/config/../../lib/crt/classic/crt_runtime_selection.asm:573
CONSOLE_YOFFSET                 = $0000 ; const, public, , zx82_crt0, , /home/jorgegv/src/spectrum/z88dk/lib/config/../../lib/crt/classic/crt_runtime_selection.asm:577
CLIB_KBHIT_NOSTORE              = $0000 ; const, public, , zx82_crt0, , /home/jorgegv/src/spectrum/z88dk/lib/config/../../lib/crt/classic/crt_runtime_selection.asm:582
__sgoioblk                      = $886F ; addr, public, , zx82_crt0, bss_crt, /home/jorgegv/src/spectrum/z88dk/lib/config/../../lib/crt/classic/crt_section.asm:110
__sgoioblk_end                  = $88D3 ; addr, public, , zx82_crt0, bss_crt, /home/jorgegv/src/spectrum/z88dk/lib/config/../../lib/crt/classic/crt_section.asm:112
base_graphics                   = $88D3 ; addr, public, , zx82_crt0, bss_crt, /home/jorgegv/src/spectrum/z88dk/lib/config/../../lib/crt/classic/crt_section.asm:117
exitsp                          = $88D5 ; addr, public, , zx82_crt0, bss_crt, /home/jorgegv/src/spectrum/z88dk/lib/config/../../lib/crt/classic/crt_section.asm:122
exitcount                       = $88D7 ; addr, public, , zx82_crt0, bss_crt, /home/jorgegv/src/spectrum/z88dk/lib/config/../../lib/crt/classic/crt_section.asm:124
_main                           = $8282 ; addr, public, , main_c, code_compiler, main.c::main::0::1:5
_init_offscreen                 = $82D3 ; addr, public, , offscreen_c, code_compiler, offscreen.c::init_offscreen::0::2:28
_offscreen                      = $88D8 ; addr, public, , offscreen_c, bss_compiler, offscreen.c::offscreen_show_frame::3::5:39
_screen_line_address            = $9C58 ; addr, public, , offscreen_c, bss_compiler, offscreen.c::offscreen_show_frame::3::5:39
_init_real_screen_address_table = $8295 ; addr, public, , offscreen_c, code_compiler, offscreen.c::init_real_screen_address_table::0::0:21
_offscreen_show_frame           = $82D7 ; addr, public, , offscreen_c, code_compiler, offscreen.c::offscreen_show_frame::0::3:32
fputc_cons_generic              = $8326 ; addr, public, , fputc_cons_generic_full, code_clib, fputc_cons_generic_full.asm:14
_fputc_cons_generic             = $8326 ; addr, public, , fputc_cons_generic_full, code_clib, fputc_cons_generic_full.asm:15
generic_console_set_ink         = $8130 ; addr, public, , generic_console_attrs, code_driver, generic_console_attrs.asm:49
generic_console_set_paper       = $811E ; addr, public, , generic_console_attrs, code_driver, generic_console_attrs.asm:19
generic_console_set_attribute   = $812F ; addr, public, , generic_console_attrs, code_driver, generic_console_attrs.asm:46
generic_console_printc          = $8198 ; addr, public, , generic_console_printc, code_driver, generic_console_printc.asm:119
__zx_printc32                   = $81BC ; addr, public, , __zx_printc32, code_driver, __zx_printc32.asm:22
__zx_handle_attributes          = $81EE ; addr, public, , __zx_printc32, code_driver, __zx_printc32.asm:59
__zx_printc64                   = $81FD ; addr, public, , __zx_printc64, code_driver, __zx_printc64.asm:22
__zx_printc_attr                = $8232 ; addr, public, , __zx_printc_attr, code_driver, __zx_printc_attr.asm:18
__zx_gencon_xy_to_dfaddr        = $8240 ; addr, public, , __zx_gencon_xy_to_dfaddr, code_driver, __zx_gencon_xy_to_dfaddr.asm:12
generic_console_cls             = $824F ; addr, public, , generic_console_cls, code_driver, generic_console_cls.asm:23
__zx_console_attr               = $8861 ; addr, public, , console_vars, data_clib, conio_vars.asm:10
__zx_mode0_console_w            = $8862 ; addr, public, , console_vars, data_clib, conio_vars.asm:23
conio_map_colour                = $80CD ; addr, public, , code_clib, , conio_map_colour.asm:13
__zx_screenmode                 = $886B ; addr, public, , console_vars, data_clib, console_vars.asm:33
__zx_32col_font                 = $8863 ; addr, public, , console_vars, data_clib, console_vars.asm:16
__zx_32col_udgs                 = $8867 ; addr, public, , console_vars, data_clib, console_vars.asm:20
__zx_64col_font                 = $8865 ; addr, public, , console_vars, data_clib, console_vars.asm:18
__zx_print_routine              = $8869 ; addr, public, , console_vars, data_clib, console_vars.asm:23
CRT_FONT                        = $3D00 ; const, public, , CRT_FONT, rodata_clib, CRT_FONT.asm:6
CRT_FONT_64                     = $8561 ; addr, public, , CRT_FONT_64, rodata_font_4x8, CRT_FONT_64.asm:7
generic_console_scrollup        = $8269 ; addr, public, , generic_console_scrollup, code_driver, generic_console_scrollup.asm:6
__zx_scrollup                   = $8269 ; addr, public, , __zx_scrollup, code_driver, __zx_scrollup.asm:29
__console_x                     = $9DDD ; addr, public, , console_coords, bss_clib, conio/console_coords.asm:14
__console_y                     = $9DDE ; addr, public, , console_coords, bss_clib, conio/console_coords.asm:15
__console_w                     = $886C ; addr, public, , console_coords, data_clib, conio/console_coords.asm:20
__console_h                     = $886D ; addr, public, , console_coords, data_clib, conio/console_coords.asm:21
generic_console_flags           = $886E ; addr, public, , gencon_vars_asm, data_clib, conio/gencon_vars.asm:5
zx_border                       = $8475 ; addr, public, , zx_border, code_clib, zx_border.asm:12
_zx_border                      = $8475 ; addr, public, , zx_border, code_clib, zx_border.asm:13
zx_colour                       = $848E ; addr, public, , zx_colour, code_clib, zx_colour.asm:10
_zx_colour                      = $848E ; addr, public, , zx_colour, code_clib, zx_colour.asm:11
zx_py2saddr                     = $84BE ; addr, public, , zx_py2saddr, code_arch, /home/jorgegv/src/spectrum/z88dk-original/libsrc/_DEVELOPMENT/arch/zx/display/c/sccz80/zx_py2saddr.asm:11
_zx_py2saddr                    = $84BE ; addr, public, , zx_py2saddr, code_arch, /home/jorgegv/src/spectrum/z88dk-original/libsrc/_DEVELOPMENT/arch/zx/display/c/sccz80/zx_py2saddr.asm:16
asm_zx_py2saddr                 = $84BE ; addr, public, , asm_zx_py2saddr, code_arch, /home/jorgegv/src/spectrum/z88dk-original/libsrc/_DEVELOPMENT/arch/zx/display/z80/asm_zx_py2saddr.asm:20
asm0_zx_py2saddr                = $84C3 ; addr, public, , asm_zx_py2saddr, code_arch, /home/jorgegv/src/spectrum/z88dk-original/libsrc/_DEVELOPMENT/arch/zx/display/z80/asm_zx_py2saddr.asm:38
l_gint                          = $84B0 ; addr, public, , l_gint, code_l_sccz80, ../_DEVELOPMENT/l/sccz80/9-common/l_gint.asm:10
l_pint                          = $84B8 ; addr, public, , l_pint, code_l_sccz80, ../_DEVELOPMENT/l/sccz80/9-common/l_pint.asm:14
l_pint_pop                      = $84B5 ; addr, public, , l_pint_pop, code_l_sccz80, ../_DEVELOPMENT/l/sccz80/9-common/l_pint_pop.asm:12
l_pint_pop_pint                 = $84B8 ; addr, public, , l_pint_pop, code_l_sccz80, ../_DEVELOPMENT/l/sccz80/9-common/l_pint_pop.asm:18
__head                          = $8000 ; const, public, def, , ,
__tail                          = $7C000 ; const, public, def, , ,
__size                          = $74000 ; const, public, def, , ,
__CODE_head                     = $80DD ; const, public, def, , ,
__CODE_tail                     = $80DD ; const, public, def, , ,
__CODE_size                     = $0000 ; const, public, def, , ,
__code_crt_init_head            = $80DD ; const, public, def, , ,
__code_crt_init_tail            = $811C ; const, public, def, , ,
__code_crt_init_size            = $003F ; const, public, def, , ,
__code_crt_init_exit_head       = $811C ; const, public, def, , ,
__code_crt_init_exit_tail       = $811D ; const, public, def, , ,
__code_crt_init_exit_size       = $0001 ; const, public, def, , ,
__code_crt_exit_head            = $811D ; const, public, def, , ,
__code_crt_exit_tail            = $811D ; const, public, def, , ,
__code_crt_exit_size            = $0000 ; const, public, def, , ,
__code_crt_exit_exit_head       = $811D ; const, public, def, , ,
__code_crt_exit_exit_tail       = $811E ; const, public, def, , ,
__code_crt_exit_exit_size       = $0001 ; const, public, def, , ,
__code_driver_head              = $811E ; const, public, def, , ,
__code_driver_tail              = $8282 ; const, public, def, , ,
__code_driver_size              = $0164 ; const, public, def, , ,
__rodata_driver_head            = $8282 ; const, public, def, , ,
__rodata_driver_tail            = $8282 ; const, public, def, , ,
__rodata_driver_size            = $0000 ; const, public, def, , ,
__code_compiler_head            = $8282 ; const, public, def, , ,
__code_compiler_tail            = $8326 ; const, public, def, , ,
__code_compiler_size            = $00A4 ; const, public, def, , ,
__code_clib_head                = $8326 ; const, public, def, , ,
__code_clib_tail                = $84B0 ; const, public, def, , ,
__code_clib_size                = $018A ; const, public, def, , ,
__code_l_head                   = $84B0 ; const, public, def, , ,
__code_l_tail                   = $84B0 ; const, public, def, , ,
__code_l_size                   = $0000 ; const, public, def, , ,
__code_l_sdcc_head              = $84B0 ; const, public, def, , ,
__code_l_sdcc_tail              = $84B0 ; const, public, def, , ,
__code_l_sdcc_size              = $0000 ; const, public, def, , ,
__code_l_sccz80_head            = $84B0 ; const, public, def, , ,
__code_l_sccz80_tail            = $84BE ; const, public, def, , ,
__code_l_sccz80_size            = $000E ; const, public, def, , ,
__code_compress_zx7_head        = $84BE ; const, public, def, , ,
__code_compress_zx7_tail        = $84BE ; const, public, def, , ,
__code_compress_zx7_size        = $0000 ; const, public, def, , ,
__code_compress_zx0_head        = $84BE ; const, public, def, , ,
__code_compress_zx0_tail        = $84BE ; const, public, def, , ,
__code_compress_zx0_size        = $0000 ; const, public, def, , ,
__code_compress_zx1_head        = $84BE ; const, public, def, , ,
__code_compress_zx1_tail        = $84BE ; const, public, def, , ,
__code_compress_zx1_size        = $0000 ; const, public, def, , ,
__code_compress_zx2_head        = $84BE ; const, public, def, , ,
__code_compress_zx2_tail        = $84BE ; const, public, def, , ,
__code_compress_zx2_size        = $0000 ; const, public, def, , ,
__code_compress_aplib_head      = $84BE ; const, public, def, , ,
__code_compress_aplib_tail      = $84BE ; const, public, def, , ,
__code_compress_aplib_size      = $0000 ; const, public, def, , ,
__code_ctype_head               = $84BE ; const, public, def, , ,
__code_ctype_tail               = $84BE ; const, public, def, , ,
__code_ctype_size               = $0000 ; const, public, def, , ,
__code_esxdos_head              = $84BE ; const, public, def, , ,
__code_esxdos_tail              = $84BE ; const, public, def, , ,
__code_esxdos_size              = $0000 ; const, public, def, , ,
__code_fp_head                  = $84BE ; const, public, def, , ,
__code_fp_tail                  = $84BE ; const, public, def, , ,
__code_fp_size                  = $0000 ; const, public, def, , ,
__code_fp_math48_head           = $84BE ; const, public, def, , ,
__code_fp_math48_tail           = $84BE ; const, public, def, , ,
__code_fp_math48_size           = $0000 ; const, public, def, , ,
__code_fp_math32_head           = $84BE ; const, public, def, , ,
__code_fp_math32_tail           = $84BE ; const, public, def, , ,
__code_fp_math32_size           = $0000 ; const, public, def, , ,
__code_fp_math16_head           = $84BE ; const, public, def, , ,
__code_fp_math16_tail           = $84BE ; const, public, def, , ,
__code_fp_math16_size           = $0000 ; const, public, def, , ,
__code_fp_mbf32_head            = $84BE ; const, public, def, , ,
__code_fp_mbf32_tail            = $84BE ; const, public, def, , ,
__code_fp_mbf32_size            = $0000 ; const, public, def, , ,
__code_fp_mbf64_head            = $84BE ; const, public, def, , ,
__code_fp_mbf64_tail            = $84BE ; const, public, def, , ,
__code_fp_mbf64_size            = $0000 ; const, public, def, , ,
__code_fp_am9511_head           = $84BE ; const, public, def, , ,
__code_fp_am9511_tail           = $84BE ; const, public, def, , ,
__code_fp_am9511_size           = $0000 ; const, public, def, , ,
__code_fp_dai32_head            = $84BE ; const, public, def, , ,
__code_fp_dai32_tail            = $84BE ; const, public, def, , ,
__code_fp_dai32_size            = $0000 ; const, public, def, , ,
__code_math_head                = $84BE ; const, public, def, , ,
__code_math_tail                = $84BE ; const, public, def, , ,
__code_math_size                = $0000 ; const, public, def, , ,
__code_error_head               = $84BE ; const, public, def, , ,
__code_error_tail               = $84BE ; const, public, def, , ,
__code_error_size               = $0000 ; const, public, def, , ,
__code_stdlib_head              = $84BE ; const, public, def, , ,
__code_stdlib_tail              = $84BE ; const, public, def, , ,
__code_stdlib_size              = $0000 ; const, public, def, , ,
__code_string_head              = $84BE ; const, public, def, , ,
__code_string_tail              = $84BE ; const, public, def, , ,
__code_string_size              = $0000 ; const, public, def, , ,
__code_adt_b_array_head         = $84BE ; const, public, def, , ,
__code_adt_b_array_tail         = $84BE ; const, public, def, , ,
__code_adt_b_array_size         = $0000 ; const, public, def, , ,
__code_adt_b_vector_head        = $84BE ; const, public, def, , ,
__code_adt_b_vector_tail        = $84BE ; const, public, def, , ,
__code_adt_b_vector_size        = $0000 ; const, public, def, , ,
__code_adt_ba_priority_queue_head = $84BE ; const, public, def, , ,
__code_adt_ba_priority_queue_tail = $84BE ; const, public, def, , ,
__code_adt_ba_priority_queue_size = $0000 ; const, public, def, , ,
__code_adt_ba_stack_head        = $84BE ; const, public, def, , ,
__code_adt_ba_stack_tail        = $84BE ; const, public, def, , ,
__code_adt_ba_stack_size        = $0000 ; const, public, def, , ,
__code_adt_bv_priority_queue_head = $84BE ; const, public, def, , ,
__code_adt_bv_priority_queue_tail = $84BE ; const, public, def, , ,
__code_adt_bv_priority_queue_size = $0000 ; const, public, def, , ,
__code_adt_bv_stack_head        = $84BE ; const, public, def, , ,
__code_adt_bv_stack_tail        = $84BE ; const, public, def, , ,
__code_adt_bv_stack_size        = $0000 ; const, public, def, , ,
__code_adt_p_forward_list_head  = $84BE ; const, public, def, , ,
__code_adt_p_forward_list_tail  = $84BE ; const, public, def, , ,
__code_adt_p_forward_list_size  = $0000 ; const, public, def, , ,
__code_adt_p_forward_list_alt_head = $84BE ; const, public, def, , ,
__code_adt_p_forward_list_alt_tail = $84BE ; const, public, def, , ,
__code_adt_p_forward_list_alt_size = $0000 ; const, public, def, , ,
__code_adt_p_list_head          = $84BE ; const, public, def, , ,
__code_adt_p_list_tail          = $84BE ; const, public, def, , ,
__code_adt_p_list_size          = $0000 ; const, public, def, , ,
__code_adt_p_queue_head         = $84BE ; const, public, def, , ,
__code_adt_p_queue_tail         = $84BE ; const, public, def, , ,
__code_adt_p_queue_size         = $0000 ; const, public, def, , ,
__code_adt_p_stack_head         = $84BE ; const, public, def, , ,
__code_adt_p_stack_tail         = $84BE ; const, public, def, , ,
__code_adt_p_stack_size         = $0000 ; const, public, def, , ,
__code_adt_w_array_head         = $84BE ; const, public, def, , ,
__code_adt_w_array_tail         = $84BE ; const, public, def, , ,
__code_adt_w_array_size         = $0000 ; const, public, def, , ,
__code_adt_w_vector_head        = $84BE ; const, public, def, , ,
__code_adt_w_vector_tail        = $84BE ; const, public, def, , ,
__code_adt_w_vector_size        = $0000 ; const, public, def, , ,
__code_adt_wa_priority_queue_head = $84BE ; const, public, def, , ,
__code_adt_wa_priority_queue_tail = $84BE ; const, public, def, , ,
__code_adt_wa_priority_queue_size = $0000 ; const, public, def, , ,
__code_adt_wa_stack_head        = $84BE ; const, public, def, , ,
__code_adt_wa_stack_tail        = $84BE ; const, public, def, , ,
__code_adt_wa_stack_size        = $0000 ; const, public, def, , ,
__code_adt_wv_priority_queue_head = $84BE ; const, public, def, , ,
__code_adt_wv_priority_queue_tail = $84BE ; const, public, def, , ,
__code_adt_wv_priority_queue_size = $0000 ; const, public, def, , ,
__code_adt_wv_stack_head        = $84BE ; const, public, def, , ,
__code_adt_wv_stack_tail        = $84BE ; const, public, def, , ,
__code_adt_wv_stack_size        = $0000 ; const, public, def, , ,
__code_alloc_balloc_head        = $84BE ; const, public, def, , ,
__code_alloc_balloc_tail        = $84BE ; const, public, def, , ,
__code_alloc_balloc_size        = $0000 ; const, public, def, , ,
__code_alloc_obstack_head       = $84BE ; const, public, def, , ,
__code_alloc_obstack_tail       = $84BE ; const, public, def, , ,
__code_alloc_obstack_size       = $0000 ; const, public, def, , ,
__code_arch_head                = $84BE ; const, public, def, , ,
__code_arch_tail                = $84D3 ; const, public, def, , ,
__code_arch_size                = $0015 ; const, public, def, , ,
__code_font_head                = $84D3 ; const, public, def, , ,
__code_font_tail                = $84D3 ; const, public, def, , ,
__code_font_size                = $0000 ; const, public, def, , ,
__code_font_fzx_head            = $84D3 ; const, public, def, , ,
__code_font_fzx_tail            = $84D3 ; const, public, def, , ,
__code_font_fzx_size            = $0000 ; const, public, def, , ,
__code_psg_head                 = $84D3 ; const, public, def, , ,
__code_psg_tail                 = $84D3 ; const, public, def, , ,
__code_psg_size                 = $0000 ; const, public, def, , ,
__code_sound_ay_head            = $84D3 ; const, public, def, , ,
__code_sound_ay_tail            = $84D3 ; const, public, def, , ,
__code_sound_ay_size            = $0000 ; const, public, def, , ,
__code_PSGlib_head              = $84D3 ; const, public, def, , ,
__code_PSGlib_tail              = $84D3 ; const, public, def, , ,
__code_PSGlib_size              = $0000 ; const, public, def, , ,
__code_time_head                = $84D3 ; const, public, def, , ,
__code_time_tail                = $84D3 ; const, public, def, , ,
__code_time_size                = $0000 ; const, public, def, , ,
__code_z80_head                 = $84D3 ; const, public, def, , ,
__code_z80_tail                 = $84D3 ; const, public, def, , ,
__code_z80_size                 = $0000 ; const, public, def, , ,
__code_sprite_sp1_head          = $84D3 ; const, public, def, , ,
__code_sprite_sp1_tail          = $84D3 ; const, public, def, , ,
__code_sprite_sp1_size          = $0000 ; const, public, def, , ,
__code_temp_sp1_head            = $84D3 ; const, public, def, , ,
__code_temp_sp1_tail            = $84D3 ; const, public, def, , ,
__code_temp_sp1_size            = $0000 ; const, public, def, , ,
__code_splib2_head              = $84D3 ; const, public, def, , ,
__code_splib2_tail              = $84D3 ; const, public, def, , ,
__code_splib2_size              = $0000 ; const, public, def, , ,
__code_sound_bit_head           = $84D3 ; const, public, def, , ,
__code_sound_bit_tail           = $84D3 ; const, public, def, , ,
__code_sound_bit_size           = $0000 ; const, public, def, , ,
__code_graphics_head            = $84D3 ; const, public, def, , ,
__code_graphics_tail            = $84D3 ; const, public, def, , ,
__code_graphics_size            = $0000 ; const, public, def, , ,
__code_user_head                = $84D3 ; const, public, def, , ,
__code_user_tail                = $84D3 ; const, public, def, , ,
__code_user_size                = $0000 ; const, public, def, , ,
__CODE_END_head                 = $84D3 ; const, public, def, , ,
__CODE_END_tail                 = $84D3 ; const, public, def, , ,
__CODE_END_size                 = $0000 ; const, public, def, , ,
__RODATA_head                   = $84D3 ; const, public, def, , ,
__RODATA_tail                   = $84D3 ; const, public, def, , ,
__RODATA_size                   = $0000 ; const, public, def, , ,
__rodata_fp_head                = $84D3 ; const, public, def, , ,
__rodata_fp_tail                = $84D3 ; const, public, def, , ,
__rodata_fp_size                = $0000 ; const, public, def, , ,
__rodata_fp_math48_head         = $84D3 ; const, public, def, , ,
__rodata_fp_math48_tail         = $84D3 ; const, public, def, , ,
__rodata_fp_math48_size         = $0000 ; const, public, def, , ,
__rodata_fp_math32_head         = $84D3 ; const, public, def, , ,
__rodata_fp_math32_tail         = $84D3 ; const, public, def, , ,
__rodata_fp_math32_size         = $0000 ; const, public, def, , ,
__rodata_fp_math16_head         = $84D3 ; const, public, def, , ,
__rodata_fp_math16_tail         = $84D3 ; const, public, def, , ,
__rodata_fp_math16_size         = $0000 ; const, public, def, , ,
__rodata_fp_mbf32_head          = $84D3 ; const, public, def, , ,
__rodata_fp_mbf32_tail          = $84D3 ; const, public, def, , ,
__rodata_fp_mbf32_size          = $0000 ; const, public, def, , ,
__rodata_fp_mbf64_head          = $84D3 ; const, public, def, , ,
__rodata_fp_mbf64_tail          = $84D3 ; const, public, def, , ,
__rodata_fp_mbf64_size          = $0000 ; const, public, def, , ,
__rodata_fp_am9511_head         = $84D3 ; const, public, def, , ,
__rodata_fp_am9511_tail         = $84D3 ; const, public, def, , ,
__rodata_fp_am9511_size         = $0000 ; const, public, def, , ,
__rodata_fp_dai32_head          = $84D3 ; const, public, def, , ,
__rodata_fp_dai32_tail          = $84D3 ; const, public, def, , ,
__rodata_fp_dai32_size          = $0000 ; const, public, def, , ,
__rodata_arch_head              = $84D3 ; const, public, def, , ,
__rodata_arch_tail              = $84D3 ; const, public, def, , ,
__rodata_arch_size              = $0000 ; const, public, def, , ,
__rodata_compiler_head          = $84D3 ; const, public, def, , ,
__rodata_compiler_tail          = $84D3 ; const, public, def, , ,
__rodata_compiler_size          = $0000 ; const, public, def, , ,
__rodata_clib_head              = $84D3 ; const, public, def, , ,
__rodata_clib_tail              = $8561 ; const, public, def, , ,
__rodata_clib_size              = $008E ; const, public, def, , ,
__rodata_psg_head               = $8561 ; const, public, def, , ,
__rodata_psg_tail               = $8561 ; const, public, def, , ,
__rodata_psg_size               = $0000 ; const, public, def, , ,
__rodata_sound_ay_head          = $8561 ; const, public, def, , ,
__rodata_sound_ay_tail          = $8561 ; const, public, def, , ,
__rodata_sound_ay_size          = $0000 ; const, public, def, , ,
__rodata_graphics_head          = $8561 ; const, public, def, , ,
__rodata_graphics_tail          = $8561 ; const, public, def, , ,
__rodata_graphics_size          = $0000 ; const, public, def, , ,
__rodata_user_head              = $8561 ; const, public, def, , ,
__rodata_user_tail              = $8561 ; const, public, def, , ,
__rodata_user_size              = $0000 ; const, public, def, , ,
__rodata_font_head              = $8561 ; const, public, def, , ,
__rodata_font_tail              = $8561 ; const, public, def, , ,
__rodata_font_size              = $0000 ; const, public, def, , ,
__rodata_font_fzx_head          = $8561 ; const, public, def, , ,
__rodata_font_fzx_tail          = $8561 ; const, public, def, , ,
__rodata_font_fzx_size          = $0000 ; const, public, def, , ,
__rodata_font_4x8_head          = $8561 ; const, public, def, , ,
__rodata_font_4x8_tail          = $8861 ; const, public, def, , ,
__rodata_font_4x8_size          = $0300 ; const, public, def, , ,
__rodata_font_6x8_head          = $8861 ; const, public, def, , ,
__rodata_font_6x8_tail          = $8861 ; const, public, def, , ,
__rodata_font_6x8_size          = $0000 ; const, public, def, , ,
__rodata_font_8x8_head          = $8861 ; const, public, def, , ,
__rodata_font_8x8_tail          = $8861 ; const, public, def, , ,
__rodata_font_8x8_size          = $0000 ; const, public, def, , ,
__rodata_font_8x10_head         = $8861 ; const, public, def, , ,
__rodata_font_8x10_tail         = $8861 ; const, public, def, , ,
__rodata_font_8x10_size         = $0000 ; const, public, def, , ,
__rodata_font_ansi_head         = $8861 ; const, public, def, , ,
__rodata_font_ansi_tail         = $8861 ; const, public, def, , ,
__rodata_font_ansi_size         = $0000 ; const, public, def, , ,
__rodata_splib2_head            = $8861 ; const, public, def, , ,
__rodata_splib2_tail            = $8861 ; const, public, def, , ,
__rodata_splib2_size            = $0000 ; const, public, def, , ,
__rodata_sound_bit_head         = $8861 ; const, public, def, , ,
__rodata_sound_bit_tail         = $8861 ; const, public, def, , ,
__rodata_sound_bit_size         = $0000 ; const, public, def, , ,
__rodata_appdor_head            = $8861 ; const, public, def, , ,
__rodata_appdor_tail            = $8861 ; const, public, def, , ,
__rodata_appdor_size            = $0000 ; const, public, def, , ,
__RODATA_END_head               = $8861 ; const, public, def, , ,
__RODATA_END_tail               = $8861 ; const, public, def, , ,
__RODATA_END_size               = $0000 ; const, public, def, , ,
__ROMABLE_END_head              = $8861 ; const, public, def, , ,
__ROMABLE_END_tail              = $8861 ; const, public, def, , ,
__ROMABLE_END_size              = $0000 ; const, public, def, , ,
__DATA_head                     = $8861 ; const, public, def, , ,
__DATA_tail                     = $8861 ; const, public, def, , ,
__DATA_size                     = $0000 ; const, public, def, , ,
__smc_clib_head                 = $8861 ; const, public, def, , ,
__smc_clib_tail                 = $8861 ; const, public, def, , ,
__smc_clib_size                 = $0000 ; const, public, def, , ,
__smc_fp_head                   = $8861 ; const, public, def, , ,
__smc_fp_tail                   = $8861 ; const, public, def, , ,
__smc_fp_size                   = $0000 ; const, public, def, , ,
__smc_compress_head             = $8861 ; const, public, def, , ,
__smc_compress_tail             = $8861 ; const, public, def, , ,
__smc_compress_size             = $0000 ; const, public, def, , ,
__smc_user_head                 = $8861 ; const, public, def, , ,
__smc_user_tail                 = $8861 ; const, public, def, , ,
__smc_user_size                 = $0000 ; const, public, def, , ,
__data_driver_head              = $8861 ; const, public, def, , ,
__data_driver_tail              = $8861 ; const, public, def, , ,
__data_driver_size              = $0000 ; const, public, def, , ,
__data_clib_head                = $8861 ; const, public, def, , ,
__data_clib_tail                = $886F ; const, public, def, , ,
__data_clib_size                = $000E ; const, public, def, , ,
__data_stdlib_head              = $886F ; const, public, def, , ,
__data_stdlib_tail              = $886F ; const, public, def, , ,
__data_stdlib_size              = $0000 ; const, public, def, , ,
__data_psg_head                 = $886F ; const, public, def, , ,
__data_psg_tail                 = $886F ; const, public, def, , ,
__data_psg_size                 = $0000 ; const, public, def, , ,
__data_sound_ay_head            = $886F ; const, public, def, , ,
__data_sound_ay_tail            = $886F ; const, public, def, , ,
__data_sound_ay_size            = $0000 ; const, public, def, , ,
__data_PSGlib_head              = $886F ; const, public, def, , ,
__data_PSGlib_tail              = $886F ; const, public, def, , ,
__data_PSGlib_size              = $0000 ; const, public, def, , ,
__data_graphics_head            = $886F ; const, public, def, , ,
__data_graphics_tail            = $886F ; const, public, def, , ,
__data_graphics_size            = $0000 ; const, public, def, , ,
__data_crt_head                 = $886F ; const, public, def, , ,
__data_crt_tail                 = $886F ; const, public, def, , ,
__data_crt_size                 = $0000 ; const, public, def, , ,
__data_fp_mbf32_head            = $886F ; const, public, def, , ,
__data_fp_mbf32_tail            = $886F ; const, public, def, , ,
__data_fp_mbf32_size            = $0000 ; const, public, def, , ,
__data_arch_head                = $886F ; const, public, def, , ,
__data_arch_tail                = $886F ; const, public, def, , ,
__data_arch_size                = $0000 ; const, public, def, , ,
__data_compiler_head            = $886F ; const, public, def, , ,
__data_compiler_tail            = $886F ; const, public, def, , ,
__data_compiler_size            = $0000 ; const, public, def, , ,
__data_splib2_head              = $886F ; const, public, def, , ,
__data_splib2_tail              = $886F ; const, public, def, , ,
__data_splib2_size              = $0000 ; const, public, def, , ,
__data_user_head                = $886F ; const, public, def, , ,
__data_user_tail                = $886F ; const, public, def, , ,
__data_user_size                = $0000 ; const, public, def, , ,
__data_alloc_balloc_head        = $886F ; const, public, def, , ,
__data_alloc_balloc_tail        = $886F ; const, public, def, , ,
__data_alloc_balloc_size        = $0000 ; const, public, def, , ,
__DATA_END_head                 = $886F ; const, public, def, , ,
__DATA_END_tail                 = $886F ; const, public, def, , ,
__DATA_END_size                 = $0000 ; const, public, def, , ,
__BSS_head                      = $886F ; const, public, def, , ,
__BSS_tail                      = $886F ; const, public, def, , ,
__BSS_size                      = $0000 ; const, public, def, , ,
__bss_fp_head                   = $886F ; const, public, def, , ,
__bss_fp_tail                   = $886F ; const, public, def, , ,
__bss_fp_size                   = $0000 ; const, public, def, , ,
__bss_fp_math32_head            = $886F ; const, public, def, , ,
__bss_fp_math32_tail            = $886F ; const, public, def, , ,
__bss_fp_math32_size            = $0000 ; const, public, def, , ,
__bss_fp_math16_head            = $886F ; const, public, def, , ,
__bss_fp_math16_tail            = $886F ; const, public, def, , ,
__bss_fp_math16_size            = $0000 ; const, public, def, , ,
__bss_fp_mbf32_head             = $886F ; const, public, def, , ,
__bss_fp_mbf32_tail             = $886F ; const, public, def, , ,
__bss_fp_mbf32_size             = $0000 ; const, public, def, , ,
__bss_fp_mbf64_head             = $886F ; const, public, def, , ,
__bss_fp_mbf64_tail             = $886F ; const, public, def, , ,
__bss_fp_mbf64_size             = $0000 ; const, public, def, , ,
__bss_fp_am9511_head            = $886F ; const, public, def, , ,
__bss_fp_am9511_tail            = $886F ; const, public, def, , ,
__bss_fp_am9511_size            = $0000 ; const, public, def, , ,
__bss_fp_dai32_head             = $886F ; const, public, def, , ,
__bss_fp_dai32_tail             = $886F ; const, public, def, , ,
__bss_fp_dai32_size             = $0000 ; const, public, def, , ,
__bss_compress_aplib_head       = $886F ; const, public, def, , ,
__bss_compress_aplib_tail       = $886F ; const, public, def, , ,
__bss_compress_aplib_size       = $0000 ; const, public, def, , ,
__bss_error_head                = $886F ; const, public, def, , ,
__bss_error_tail                = $886F ; const, public, def, , ,
__bss_error_size                = $0000 ; const, public, def, , ,
__bss_crt_head                  = $886F ; const, public, def, , ,
__bss_crt_tail                  = $88D8 ; const, public, def, , ,
__bss_crt_size                  = $0069 ; const, public, def, , ,
__bss_fardata_head              = $88D8 ; const, public, def, , ,
__bss_fardata_tail              = $88D8 ; const, public, def, , ,
__bss_fardata_size              = $0000 ; const, public, def, , ,
__bss_compiler_head             = $88D8 ; const, public, def, , ,
__bss_compiler_tail             = $9DD8 ; const, public, def, , ,
__bss_compiler_size             = $1500 ; const, public, def, , ,
__bss_driver_head               = $9DD8 ; const, public, def, , ,
__bss_driver_tail               = $9DD9 ; const, public, def, , ,
__bss_driver_size               = $0001 ; const, public, def, , ,
__bss_arch_head                 = $9DD9 ; const, public, def, , ,
__bss_arch_tail                 = $9DD9 ; const, public, def, , ,
__bss_arch_size                 = $0000 ; const, public, def, , ,
__bss_clib_head                 = $9DD9 ; const, public, def, , ,
__bss_clib_tail                 = $9DDF ; const, public, def, , ,
__bss_clib_size                 = $0006 ; const, public, def, , ,
__bss_string_head               = $9DDF ; const, public, def, , ,
__bss_string_tail               = $9DDF ; const, public, def, , ,
__bss_string_size               = $0000 ; const, public, def, , ,
__bss_alloc_balloc_head         = $9DDF ; const, public, def, , ,
__bss_alloc_balloc_tail         = $9DDF ; const, public, def, , ,
__bss_alloc_balloc_size         = $0000 ; const, public, def, , ,
__bss_graphics_head             = $9DDF ; const, public, def, , ,
__bss_graphics_tail             = $9DDF ; const, public, def, , ,
__bss_graphics_size             = $0000 ; const, public, def, , ,
__bss_psg_head                  = $9DDF ; const, public, def, , ,
__bss_psg_tail                  = $9DDF ; const, public, def, , ,
__bss_psg_size                  = $0000 ; const, public, def, , ,
__bss_sound_ay_head             = $9DDF ; const, public, def, , ,
__bss_sound_ay_tail             = $9DDF ; const, public, def, , ,
__bss_sound_ay_size             = $0000 ; const, public, def, , ,
__bss_PSGlib_head               = $9DDF ; const, public, def, , ,
__bss_PSGlib_tail               = $9DDF ; const, public, def, , ,
__bss_PSGlib_size               = $0000 ; const, public, def, , ,
__bss_splib2_head               = $9DDF ; const, public, def, , ,
__bss_splib2_tail               = $9DDF ; const, public, def, , ,
__bss_splib2_size               = $0000 ; const, public, def, , ,
__bss_user_head                 = $9DDF ; const, public, def, , ,
__bss_user_tail                 = $9DDF ; const, public, def, , ,
__bss_user_size                 = $0000 ; const, public, def, , ,
__BSS_END_head                  = $9DDF ; const, public, def, , ,
__BSS_END_tail                  = $9DDF ; const, public, def, , ,
__BSS_END_size                  = $0000 ; const, public, def, , ,
__BANK_0_head                   = $C000 ; const, public, def, , ,
__BANK_0_tail                   = $C000 ; const, public, def, , ,
__BANK_0_size                   = $0000 ; const, public, def, , ,
__CODE_0_head                   = $C000 ; const, public, def, , ,
__CODE_0_tail                   = $C000 ; const, public, def, , ,
__CODE_0_size                   = $0000 ; const, public, def, , ,
__RODATA_0_head                 = $C000 ; const, public, def, , ,
__RODATA_0_tail                 = $C000 ; const, public, def, , ,
__RODATA_0_size                 = $0000 ; const, public, def, , ,
__DATA_0_head                   = $C000 ; const, public, def, , ,
__DATA_0_tail                   = $C000 ; const, public, def, , ,
__DATA_0_size                   = $0000 ; const, public, def, , ,
__BSS_0_head                    = $C000 ; const, public, def, , ,
__BSS_0_tail                    = $C000 ; const, public, def, , ,
__BSS_0_size                    = $0000 ; const, public, def, , ,
__BANK_0_END_head               = $C000 ; const, public, def, , ,
__BANK_0_END_tail               = $C000 ; const, public, def, , ,
__BANK_0_END_size               = $0000 ; const, public, def, , ,
__BANK_1_head                   = $1C000 ; const, public, def, , ,
__BANK_1_tail                   = $1C000 ; const, public, def, , ,
__BANK_1_size                   = $0000 ; const, public, def, , ,
__CODE_1_head                   = $1C000 ; const, public, def, , ,
__CODE_1_tail                   = $1C000 ; const, public, def, , ,
__CODE_1_size                   = $0000 ; const, public, def, , ,
__RODATA_1_head                 = $1C000 ; const, public, def, , ,
__RODATA_1_tail                 = $1C000 ; const, public, def, , ,
__RODATA_1_size                 = $0000 ; const, public, def, , ,
__DATA_1_head                   = $1C000 ; const, public, def, , ,
__DATA_1_tail                   = $1C000 ; const, public, def, , ,
__DATA_1_size                   = $0000 ; const, public, def, , ,
__BSS_1_head                    = $1C000 ; const, public, def, , ,
__BSS_1_tail                    = $1C000 ; const, public, def, , ,
__BSS_1_size                    = $0000 ; const, public, def, , ,
__BANK_1_END_head               = $1C000 ; const, public, def, , ,
__BANK_1_END_tail               = $1C000 ; const, public, def, , ,
__BANK_1_END_size               = $0000 ; const, public, def, , ,
__BANK_2_head                   = $2C000 ; const, public, def, , ,
__BANK_2_tail                   = $2C000 ; const, public, def, , ,
__BANK_2_size                   = $0000 ; const, public, def, , ,
__CODE_2_head                   = $2C000 ; const, public, def, , ,
__CODE_2_tail                   = $2C000 ; const, public, def, , ,
__CODE_2_size                   = $0000 ; const, public, def, , ,
__RODATA_2_head                 = $2C000 ; const, public, def, , ,
__RODATA_2_tail                 = $2C000 ; const, public, def, , ,
__RODATA_2_size                 = $0000 ; const, public, def, , ,
__DATA_2_head                   = $2C000 ; const, public, def, , ,
__DATA_2_tail                   = $2C000 ; const, public, def, , ,
__DATA_2_size                   = $0000 ; const, public, def, , ,
__BSS_2_head                    = $2C000 ; const, public, def, , ,
__BSS_2_tail                    = $2C000 ; const, public, def, , ,
__BSS_2_size                    = $0000 ; const, public, def, , ,
__BANK_2_END_head               = $2C000 ; const, public, def, , ,
__BANK_2_END_tail               = $2C000 ; const, public, def, , ,
__BANK_2_END_size               = $0000 ; const, public, def, , ,
__BANK_3_head                   = $3C000 ; const, public, def, , ,
__BANK_3_tail                   = $3C000 ; const, public, def, , ,
__BANK_3_size                   = $0000 ; const, public, def, , ,
__CODE_3_head                   = $3C000 ; const, public, def, , ,
__CODE_3_tail                   = $3C000 ; const, public, def, , ,
__CODE_3_size                   = $0000 ; const, public, def, , ,
__RODATA_3_head                 = $3C000 ; const, public, def, , ,
__RODATA_3_tail                 = $3C000 ; const, public, def, , ,
__RODATA_3_size                 = $0000 ; const, public, def, , ,
__DATA_3_head                   = $3C000 ; const, public, def, , ,
__DATA_3_tail                   = $3C000 ; const, public, def, , ,
__DATA_3_size                   = $0000 ; const, public, def, , ,
__BSS_3_head                    = $3C000 ; const, public, def, , ,
__BSS_3_tail                    = $3C000 ; const, public, def, , ,
__BSS_3_size                    = $0000 ; const, public, def, , ,
__BANK_3_END_head               = $3C000 ; const, public, def, , ,
__BANK_3_END_tail               = $3C000 ; const, public, def, , ,
__BANK_3_END_size               = $0000 ; const, public, def, , ,
__BANK_4_head                   = $4C000 ; const, public, def, , ,
__BANK_4_tail                   = $4C000 ; const, public, def, , ,
__BANK_4_size                   = $0000 ; const, public, def, , ,
__CODE_4_head                   = $4C000 ; const, public, def, , ,
__CODE_4_tail                   = $4C000 ; const, public, def, , ,
__CODE_4_size                   = $0000 ; const, public, def, , ,
__RODATA_4_head                 = $4C000 ; const, public, def, , ,
__RODATA_4_tail                 = $4C000 ; const, public, def, , ,
__RODATA_4_size                 = $0000 ; const, public, def, , ,
__DATA_4_head                   = $4C000 ; const, public, def, , ,
__DATA_4_tail                   = $4C000 ; const, public, def, , ,
__DATA_4_size                   = $0000 ; const, public, def, , ,
__BSS_4_head                    = $4C000 ; const, public, def, , ,
__BSS_4_tail                    = $4C000 ; const, public, def, , ,
__BSS_4_size                    = $0000 ; const, public, def, , ,
__BANK_4_END_head               = $4C000 ; const, public, def, , ,
__BANK_4_END_tail               = $4C000 ; const, public, def, , ,
__BANK_4_END_size               = $0000 ; const, public, def, , ,
__BANK_5_head                   = $5C000 ; const, public, def, , ,
__BANK_5_tail                   = $5C000 ; const, public, def, , ,
__BANK_5_size                   = $0000 ; const, public, def, , ,
__CODE_5_head                   = $5C000 ; const, public, def, , ,
__CODE_5_tail                   = $5C000 ; const, public, def, , ,
__CODE_5_size                   = $0000 ; const, public, def, , ,
__RODATA_5_head                 = $5C000 ; const, public, def, , ,
__RODATA_5_tail                 = $5C000 ; const, public, def, , ,
__RODATA_5_size                 = $0000 ; const, public, def, , ,
__DATA_5_head                   = $5C000 ; const, public, def, , ,
__DATA_5_tail                   = $5C000 ; const, public, def, , ,
__DATA_5_size                   = $0000 ; const, public, def, , ,
__BSS_5_head                    = $5C000 ; const, public, def, , ,
__BSS_5_tail                    = $5C000 ; const, public, def, , ,
__BSS_5_size                    = $0000 ; const, public, def, , ,
__BANK_5_END_head               = $5C000 ; const, public, def, , ,
__BANK_5_END_tail               = $5C000 ; const, public, def, , ,
__BANK_5_END_size               = $0000 ; const, public, def, , ,
__BANK_6_head                   = $6C000 ; const, public, def, , ,
__BANK_6_tail                   = $6C000 ; const, public, def, , ,
__BANK_6_size                   = $0000 ; const, public, def, , ,
__CODE_6_head                   = $6C000 ; const, public, def, , ,
__CODE_6_tail                   = $6C000 ; const, public, def, , ,
__CODE_6_size                   = $0000 ; const, public, def, , ,
__RODATA_6_head                 = $6C000 ; const, public, def, , ,
__RODATA_6_tail                 = $6C000 ; const, public, def, , ,
__RODATA_6_size                 = $0000 ; const, public, def, , ,
__DATA_6_head                   = $6C000 ; const, public, def, , ,
__DATA_6_tail                   = $6C000 ; const, public, def, , ,
__DATA_6_size                   = $0000 ; const, public, def, , ,
__BSS_6_head                    = $6C000 ; const, public, def, , ,
__BSS_6_tail                    = $6C000 ; const, public, def, , ,
__BSS_6_size                    = $0000 ; const, public, def, , ,
__BANK_6_END_head               = $6C000 ; const, public, def, , ,
__BANK_6_END_tail               = $6C000 ; const, public, def, , ,
__BANK_6_END_size               = $0000 ; const, public, def, , ,
__BANK_7_head                   = $7C000 ; const, public, def, , ,
__BANK_7_tail                   = $7C000 ; const, public, def, , ,
__BANK_7_size                   = $0000 ; const, public, def, , ,
__CODE_7_head                   = $7C000 ; const, public, def, , ,
__CODE_7_tail                   = $7C000 ; const, public, def, , ,
__CODE_7_size                   = $0000 ; const, public, def, , ,
__RODATA_7_head                 = $7C000 ; const, public, def, , ,
__RODATA_7_tail                 = $7C000 ; const, public, def, , ,
__RODATA_7_size                 = $0000 ; const, public, def, , ,
__DATA_7_head                   = $7C000 ; const, public, def, , ,
__DATA_7_tail                   = $7C000 ; const, public, def, , ,
__DATA_7_size                   = $0000 ; const, public, def, , ,
__BSS_7_head                    = $7C000 ; const, public, def, , ,
__BSS_7_tail                    = $7C000 ; const, public, def, , ,
__BSS_7_size                    = $0000 ; const, public, def, , ,
__BANK_7_END_head               = $7C000 ; const, public, def, , ,
__BANK_7_END_tail               = $7C000 ; const, public, def, , ,
__BANK_7_END_size               = $0000 ; const, public, def, , ,
